+fiframe
+filist
+finumber
+fistring
+fistruct
+frabbrev
+frameid
+framekit
+framepac
+framerr
+frarray
+frassert
+frbitvec
+frbpriq
+frbwt
+frbwt2
+frbwtcmp
+frbwtdmp
+frbwtgen
+frbwtlc2
+frbwtloc
+frcfgfil
+frclient
+frclusim
+frclust
+frclust1
+frclust2
+frclust3
+frcmap
+frcogn2
+frcognat
+frconnec
+frctype
+frctype2
+frctype3
+frdatfil
+frdathsh
+frevent
+frexec
+frfcache
+frfilut2
+frfilut3
+frfilut4
+frfilut5
+frfilutl
+frfinddb
+frfloat
+frframe
+frframev
+frftp
+frgcc3
+frgeturl
+frhash
+frhashe
+frhelp
+frhtml
+frhttp
+friindex
+frinline
+frint64
+frlist
+frlist2
+frlist3
+frlru
+frlru2
+frmd5
+frmem
+frmemp
+frmemuse
+frmmap
+frmorphp
+frmotif
+frmswin
+frnethsh
+frnetsrv
+frnetwrk
+frnum64
+frnumber
+frobject
+frpacket
+frpasswd
+frpeer
+frprintf
+frqueue
+frrandom
+frreader
+frregexp
+frsarray
+frsckstr
+frserver
+frsignal
+frslot0
+frsntbrk
+frsocket
+frstack
+frstring
+frstrng1
+frstrng2
+frstrng3
+frstruct
+frstrut1
+frstrut2
+frstrut3
+frstrut4
+frstrut5
+frstrut6
+frstrut7
+frstrutl
+frsymbol
+frsymfr2
+frsymfrm
+frsymhsh
+frsymtab
+frtfidf
+frthresh
+frtimer
+frtimer2
+frtrmvec
+frtxtfil
+frtxtspn
+frunicod
+frunistr
+fruniutl
+frurl
+frutil
+frvars
+frvocab
+frwctype
+inv
+mikro_db
+vfinfo
+vfinfo0
+vframe
+vframev
