fiframe.obj
frameid.obj
framekit.obj
framepac.obj
framerr.obj
frarray.obj
frassert.obj
frbitvec.obj
frcfgfil.obj
frclient.obj
frclust.obj
frcmap.obj
frcogn2.obj
frcognat.obj
frconnec.obj
frctype.obj
frctype2.obj
frctype3.obj
frdatfil.obj
frdathsh.obj
frevent.obj
frexec.obj
frfcache.obj
frfilut2.obj
frfilut3.obj
frfilut4.obj
frfilut5.obj
frfilutl.obj
frfinddb.obj
frfloat.obj
frframe.obj
frframev.obj
frftp.obj
frgeturl.obj
frhash.obj
frhashe.obj
frhelp.obj
frhtml.obj
frhttp.obj
friindex.obj
frinline.obj
frint64.obj
frlist.obj
frlist2.obj
frlist3.obj
frlru.obj
frlru2.obj
frmd5.obj
frmem.obj
frmemp.obj
frmemuse.obj
frmmap.obj
frmotif.obj
frmswin.obj
frnethsh.obj
frnetsrv.obj
frnetwrk.obj
frnum64.obj
frnumber.obj
frobject.obj
frpacket.obj
frpasswd.obj
frpeer.obj
frqueue.obj
frrandom.obj
frreader.obj
frregexp.obj
frsarray.obj
frsckstr.obj
frserver.obj
frsignal.obj
frslot0.obj
frsntbrk.obj
frsocket.obj
frstack.obj
frstring.obj
frstruct.obj
frstrut1.obj
frstrut2.obj
frstrut3.obj
frstrut4.obj
frstrut5.obj
frstrutl.obj
frsymbol.obj
frsymfrm.obj
frsymfr2.obj
frsymhsh.obj
frsymtab.obj
frthresh.obj
frtimer.obj
frtimer2.obj
frtrmvec.obj
frtxtfil.obj
frunicod.obj
frunistr.obj
fruniutl.obj
frurl.obj
frutil.obj
frvars.obj
frwctype.obj
inv.obj
mikro_db.obj
vfinfo.obj
vfinfo0.obj
vframe.obj
vframev.obj
